// Jest Snapshot v1, https://goo.gl/fbAQLP

exports[`playerstack-time-slider Markup_Contract (Req 5.1, 5.2, 5.3) matches the rendered shadow markup snapshot 1`] = `"<div part="time-slider"><div part="slider" aria-label="Seek"><div part="track"><div part="track-buffered" style="width: 0%;"></div><div part="track-fill" style="width: 0%;"></div></div><div part="chapters" style="display: none;"></div><div part="thumb" style="left: 0%;"></div></div><div part="tooltip"><div part="tooltip-chapter" style="display: none;"></div><div part="tooltip-time"></div></div><div part="timelens" style="display: none;"></div></div>"`;
