// Jest Snapshot v1, https://goo.gl/fbAQLP

exports[`playerstack-prevented-tip Markup_Contract (Req 5.1, 5.2, 5.3) matches the rendered shadow markup snapshot 1`] = `
"<style data-playerstack-styles="">/**
 * playerstack.css — the foundation of the PlayerStack Style_Layer (Req 3.1, 3.2).
 *
 * ROLE
 *   Standard CSS (NO CSS-in-JS, no styled-components) that is adopted into the shadow
 *   root of every PlayerStack UI_Element via Style_Auto_Injection. Because it lives
 *   inside a shadow root, every rule is scoped through \`:host\` and cannot leak out of
 *   the player (Req 3.5). This file provides the base primitives; the full per-component
 *   visual rules are ported later (tasks 14.6 / 15.4).
 *
 * CONVENTIONS
 *   - Theming: every themed value reads a \`--playerstack-<category>-<name>\`
 *     CSS_Custom_Property with a sensible fallback, e.g.
 *     \`var(--playerstack-color-accent, #ff375f)\`. When a consumer declares the variable
 *     (in :root or on the host) it wins; otherwise the Design_Token fallback applies
 *     (Req 4.3, 4.4). Variable names match the token ids in \`src/styles/tokens.ts\`
 *     exactly: color (accent, accent-hover, bg, fg, muted, control-bg, control-fg,
 *     control-hover, overlay, track, track-buffered, focus-ring), space (xs, sm, md,
 *     lg, xl), font (family-base, size-sm/md/lg, weight-normal/bold), radius (sm, md,
 *     lg, full).
 *   - State: components reflect their state as \`data-*\` attributes on the host / parts
 *     (Req 3.3). Style_Layer selects state-dependent styles ONLY through attribute
 *     selectors over those data-* attributes (Req 3.4), e.g.
 *     \`:host([data-playing]) ...\`, \`[part="play-button"][data-muted] ...\`.
 *   - Style hooks: sub-elements expose stable \`part\` names so skins can target them.
 */

/* -------------------------------------------------------------------------- */
/* Reset — neutralize inherited styles from the host page (Req 3.6).          */
/*                                                                            */
/* We reset on :host with \`all: initial\` so NO property inherited from the    */
/* host document (font, color, line-height, letter-spacing, text-transform,   */
/* etc.) bleeds into the player. \`all: initial\` is the cleanest, most         */
/* complete neutralizer available; we then re-establish only the few defaults */
/* the player actually needs. This is preferable to enumerating properties    */
/* one by one because new inheritable properties are covered automatically.   */
/* -------------------------------------------------------------------------- */
:host {
  all: initial;

  /* Re-establish the baseline the player relies on, all sourced from tokens. */
  box-sizing: border-box;
  display: block;
  position: relative;
  font-family: var(
    --playerstack-font-family-base,
    -apple-system,
    BlinkMacSystemFont,
    'Segoe UI',
    Roboto,
    Helvetica,
    Arial,
    sans-serif
  );
  font-size: var(--playerstack-font-size-md, 14px);
  font-weight: var(--playerstack-font-weight-normal, 400);
  line-height: 1.4;
  color: var(--playerstack-color-fg, #ffffff);
  /* Keep the host transparent by default; the media-controller host paints bg. */
  background: transparent;
  -webkit-font-smoothing: antialiased;
  text-rendering: optimizeLegibility;
  /* Prevent double-tap zoom / text selection flicker on touch controls. */
  -webkit-tap-highlight-color: transparent;
}

/* \`all: initial\` on :host does not cascade box-sizing to descendants inside the */
/* shadow tree, so normalize it explicitly for all rendered parts. */
*,
*::before,
*::after {
  box-sizing: border-box;
}

/* A host that reflects data-hidden collapses entirely (Req 3.3, 3.4). */
:host([data-hidden]) {
  display: none;
}

/* Root host of a full player fills its container and paints the base surface. */
/* Ported 1:1 from reactjs StyledPlayerSkin / StyledMobilePlayerSkin (scopedReset is */
/* superseded by the Core reset above): the skin container is an absolutely-positioned */
/* overflow-hidden surface with a light \`#eee\` fg and a soft text-shadow so control */
/* glyphs/labels stay legible over bright video. \`user-select: none\` prevents accidental */
/* text selection while scrubbing/tapping. */
:host([part='root']),
:host([data-part='root']) {
  position: absolute;
  top: 0;
  left: 0;
  width: 100%;
  height: 100%;
  background: var(--playerstack-color-bg, #000000);
  overflow: hidden;
  user-select: none;
  color: #eee;
  text-shadow: 0 0 2px rgba(0, 0, 0, 0.5);
}

/* Mobile skin container additionally disables the 300ms tap delay + custom font stack */
/* (ported from StyledMobilePlayerSkin). Applied on the same root host under the mobile */
/* breakpoint so touch controls respond immediately. */
@media (max-width: 575px) {
  :host([part='root']),
  :host([data-part='root']) {
    touch-action: manipulation;
    font-family: Helvetica, Arial, sans-serif;
  }
}

/* Spinner keyframes ported from scopedReset (\`playerstack-spinner\`) + the mobile */
/* spin animation. A single shared rotation keyframe drives every spinner glyph. */
@keyframes playerstack-spinner {
  0% {
    transform: rotate(0deg);
  }
  100% {
    transform: rotate(360deg);
  }
}

/* -------------------------------------------------------------------------- */
/* Base part primitives.                                                      */
/* These give every UI_Element a consistent, token-driven starting point.     */
/* -------------------------------------------------------------------------- */

/* Buttons — reset native appearance, then apply token colors/radius/spacing. */
[part~='button'],
[part$='-button'] {
  appearance: none;
  -webkit-appearance: none;
  margin: 0;
  padding: var(--playerstack-space-sm, 8px);
  display: inline-flex;
  align-items: center;
  justify-content: center;
  gap: var(--playerstack-space-xs, 4px);
  border: 0;
  border-radius: var(--playerstack-radius-md, 8px);
  background: transparent;
  color: var(--playerstack-color-control-fg, #ffffff);
  font: inherit;
  line-height: 1;
  cursor: pointer;
  user-select: none;
  transition: background-color 0.15s ease, color 0.15s ease, opacity 0.15s ease;
}

/* Hover state uses the dedicated control-hover token. */
[part~='button']:hover,
[part$='-button']:hover {
  background: var(--playerstack-color-control-hover, rgba(255, 255, 255, 0.16));
}

/* Disabled buttons dim and stop receiving pointer events. */
[part~='button'][disabled],
[part~='button'][aria-disabled='true'] {
  opacity: 0.5;
  cursor: default;
  pointer-events: none;
}

/* Icons inside parts scale to the surrounding font-size by default. */
[part='icon'],
.icon {
  width: 1.5em;
  height: 1.5em;
  display: inline-block;
  fill: currentColor;
  flex: none;
  pointer-events: none;
}

/* Sliders / tracks — progress and volume bars share the same primitives. */
[part~='slider'] {
  position: relative;
  display: block;
  width: 100%;
  height: var(--playerstack-space-md, 12px);
  cursor: pointer;
  touch-action: none;
}

[part='track'] {
  position: absolute;
  left: 0;
  right: 0;
  top: 50%;
  transform: translateY(-50%);
  height: var(--playerstack-space-xs, 4px);
  border-radius: var(--playerstack-radius-full, 9999px);
  background: var(--playerstack-color-track, rgba(255, 255, 255, 0.28));
}

/* Buffered range sits above the base track. */
[part='track-buffered'] {
  position: absolute;
  left: 0;
  top: 0;
  bottom: 0;
  border-radius: inherit;
  background: var(--playerstack-color-track-buffered, rgba(255, 255, 255, 0.45));
}

/* Played / filled range uses the accent color. */
[part='track-fill'] {
  position: absolute;
  left: 0;
  top: 0;
  bottom: 0;
  border-radius: inherit;
  background: var(--playerstack-color-accent, #ff375f);
}

/* Draggable thumb. */
[part='thumb'] {
  position: absolute;
  top: 50%;
  transform: translate(-50%, -50%);
  width: var(--playerstack-space-md, 12px);
  height: var(--playerstack-space-md, 12px);
  border-radius: var(--playerstack-radius-full, 9999px);
  background: var(--playerstack-color-accent, #ff375f);
}

/* Overlays — spinner / play-state / prevented-tip surfaces sit over the video. */
[part~='overlay'] {
  position: absolute;
  inset: 0;
  display: flex;
  align-items: center;
  justify-content: center;
  background: var(--playerstack-color-overlay, rgba(0, 0, 0, 0.45));
  color: var(--playerstack-color-fg, #ffffff);
  padding: var(--playerstack-space-lg, 16px);
}

/* Control bar — the bottom cluster of controls. */
[part='controls'] {
  display: flex;
  align-items: center;
  gap: var(--playerstack-space-sm, 8px);
  padding: var(--playerstack-space-sm, 8px) var(--playerstack-space-md, 12px);
  background: var(--playerstack-color-control-bg, rgba(0, 0, 0, 0.55));
}

/* Time / label text uses the muted foreground and a compact size. */
[part='time'],
[part~='label'] {
  color: var(--playerstack-color-muted, rgba(255, 255, 255, 0.62));
  font-size: var(--playerstack-font-size-sm, 12px);
  font-weight: var(--playerstack-font-weight-normal, 400);
  white-space: nowrap;
}

/* Menus / panels (settings, context menu) share a rounded control surface. */
[part~='menu'],
[part~='panel'] {
  background: var(--playerstack-color-control-bg, rgba(0, 0, 0, 0.55));
  color: var(--playerstack-color-control-fg, #ffffff);
  border-radius: var(--playerstack-radius-lg, 12px);
  padding: var(--playerstack-space-sm, 8px);
}

/* -------------------------------------------------------------------------- */
/* Focus ring — accessible keyboard focus for every interactive part.         */
/* -------------------------------------------------------------------------- */
[part] :focus-visible,
:host(:focus-visible),
[part]:focus-visible {
  outline: 2px solid var(--playerstack-color-focus-ring, rgba(255, 55, 95, 0.75));
  outline-offset: 2px;
}

/* Remove the non-accessible default focus ring when focus-visible is supported. */
[part]:focus:not(:focus-visible) {
  outline: none;
}

/* -------------------------------------------------------------------------- */
/* State-dependent styles — driven ONLY by data-* attribute selectors         */
/* (Req 3.3, 3.4). A representative set of the hooks components will reflect.  */
/* -------------------------------------------------------------------------- */

/* Play button toggles between its play and pause glyphs by reflected state. */
[part='play-button'][data-playing] .icon-play {
  display: none;
}
[part='play-button']:not([data-playing]) .icon-pause {
  display: none;
}

/* Mute button swaps its glyph and dims the volume slider when muted. */
[part='mute-button'][data-muted] .icon-volume {
  display: none;
}
[part='mute-button']:not([data-muted]) .icon-muted {
  display: none;
}
[part='volume'][data-muted] [part='track-fill'] {
  opacity: 0.4;
}

/* Buffering / loading: reveal the spinner overlay while it is active. */
:host([data-buffering]) [part='spinner'],
:host([data-loading]) [part='spinner'] {
  display: flex;
}
[part='spinner'] {
  display: none;
}

/* Ended state can surface a replay affordance. */
:host([data-ended]) [part='play-state'] {
  display: flex;
}

/* Fullscreen / PiP buttons swap their enter/exit glyphs by reflected state. */
[part='fullscreen-button'][data-fullscreen] .icon-enter-fullscreen,
[part='pip-button'][data-pip] .icon-enter-pip {
  display: none;
}
[part='fullscreen-button']:not([data-fullscreen]) .icon-exit-fullscreen,
[part='pip-button']:not([data-pip]) .icon-exit-pip {
  display: none;
}

/* Live mode hides the seekable time slider (mirrors the \`live\` behavior). */
:host([data-live]) [part='time-slider'] {
  display: none;
}

/* Controls auto-hide: when the host reflects hiding, fade the control bar out. */
:host([data-hiding]) [part='controls'] {
  opacity: 0;
  pointer-events: none;
}
[part='controls'] {
  opacity: 1;
  transition: opacity 0.2s ease;
}

/* Respect reduced-motion preferences by removing transitions/animations. */
@media (prefers-reduced-motion: reduce) {
  :host,
  [part] {
    transition: none !important;
    animation: none !important;
  }
}

/* ========================================================================== */
/* Ported component styles (task 14.6, Req 21.2/21.3/21.4/21.5/21.10).        */
/*                                                                            */
/* These rules port the \`reactjs\` \`*.styled.jsx\`/\`*.styled.js\` visuals 1:1    */
/* onto the Core Markup_Contract, keyed by \`[part]\` / \`:host([data-*])\`.      */
/* styled-components \`\${({ prop }) => ...}\` interpolations become data-*      */
/* selectors (discrete states) or CSS custom properties (continuous values):  */
/*   - isFullscreen  -> :host([data-fullscreen]) ...                          */
/*   - hiding        -> :host([data-hiding]) ...                              */
/*   - open/showing  -> :host([data-open]) / [data-active]                    */
/* Desktop is the default; mobile lives under the SAME \`max-width: 575px\`     */
/* breakpoint the reactjs skin used. Specific px/colors that carried no theme */
/* token are kept literal to preserve pixel Visual_Parity (e.g. the skin's    */
/* \`#cb0e0b\`/\`#f00\` progress red, control heights 36px/54px); themeable       */
/* surfaces reuse the existing \`--playerstack-*\` tokens where they map.       */
/* ========================================================================== */

/* -------------------------------------------------------------------------- */
/* Control bar layout (ControlBar / Controls).                               */
/* StyledControls: absolute bottom bar, fades on autohide (transition 0.3s).  */
/* StyledControlBar: centered flex row, 36px tall (54px in fullscreen).       */
/* -------------------------------------------------------------------------- */
[part='controls'] {
  display: flex;
  align-items: center;
  justify-content: center;
  width: 100%;
  position: relative;
  z-index: 11;
  text-shadow: 0 0 2px rgba(0, 0, 0, 0.5);
  height: 36px;
  padding: 0;
  background: transparent;
  opacity: 1;
  transition: opacity 0.3s;
}

/* Fullscreen grows the control bar height 36px -> 54px (isFullscreen). */
:host([data-fullscreen]) [part='controls'] {
  height: 54px;
}

/* Autohide fades the controls out (Controls \`hiding\`). */
:host([data-hiding]) [part='controls'] {
  opacity: 0;
  pointer-events: none;
}

/* Controls backdrop gradient (StyledControlsBackdrop) — a bottom vignette so */
/* the controls stay readable over bright content. */
[part='controls-backdrop'] {
  position: absolute;
  bottom: 0;
  left: 0;
  z-index: 2;
  width: 100%;
  height: 100%;
  pointer-events: none;
  background: linear-gradient(transparent 60%, rgba(0, 0, 0, 0.7) 100%);
  transition: opacity 0.3s;
}

/* -------------------------------------------------------------------------- */
/* Buttons (StyledGeneralButton): the shared control button base.            */
/* baseButtonStyles + normalButton(36) / fullscreenButton(54).               */
/* -------------------------------------------------------------------------- */
[part$='-button'],
[part='play-button'],
[part='mute-button'],
[part='settings-button'] {
  display: flex;
  align-items: center;
  justify-content: center;
  position: relative;
  width: 36px;
  height: 36px;
  padding: var(--playerstack-space-sm, 8px);
  border: 0;
  background: transparent;
  color: #fff;
  cursor: pointer;
  opacity: 0.8;
  border-radius: var(--playerstack-radius-md, 8px);
  transition: background-color 0.15s ease, color 0.15s ease, opacity 0.15s ease;
}

/* Hover/focus lift the icon opacity to full (baseButtonStyles). */
[part$='-button']:hover,
[part$='-button']:focus,
[part='play-button']:hover,
[part='play-button']:focus,
[part='mute-button']:hover,
[part='mute-button']:focus,
[part='settings-button']:hover,
[part='settings-button']:focus {
  opacity: 1;
}

/* Disabled / fake-disabled buttons dim to the muted grey (baseButtonStyles). */
[part$='-button'][disabled],
[part$='-button'][aria-disabled='true'] {
  cursor: not-allowed;
  color: #a4a4a4;
  opacity: 1;
  pointer-events: none;
}

/* Fullscreen grows the standard control buttons 36 -> 54 (fullscreenButton). */
:host([data-fullscreen]) [part$='-button'],
:host([data-fullscreen]) [part='play-button'],
:host([data-fullscreen]) [part='mute-button'],
:host([data-fullscreen]) [part='settings-button'] {
  width: 54px;
  height: 54px;
}

/* Icons never intercept pointer events (baseButtonStyles \`& * { pointer-events: none }\`). */
[part] .icon,
[part] svg {
  pointer-events: none;
}

/* -------------------------------------------------------------------------- */
/* PlayTime (StyledControlText + live badge/dot + chapter indicator).        */
/* -------------------------------------------------------------------------- */
[part='time'] {
  display: inline-flex;
  align-items: center;
  height: 36px;
  padding: 0 5px;
  font-size: 13px;
  line-height: 35px;
  white-space: nowrap;
  color: #fff;
}

[part='current-time'],
[part='duration'] {
  font-size: 13px;
}

/* Live badge/dot (StyledLiveBadge / StyledLiveDot). The \`$atEdge\` interpolation */
/* maps to \`:host([data-at-edge])\`: at the edge the dot is red and text white,  */
/* otherwise both are dimmed. */
[part='live-indicator'] {
  display: inline-flex;
  align-items: center;
  height: 36px;
  padding: 0 6px;
  margin: 0;
  border: none;
  background: none;
  color: rgba(255, 255, 255, 0.6);
  font-size: 13px;
  font-weight: 500;
  line-height: 36px;
  cursor: pointer;
  white-space: nowrap;
  transition: color 0.2s ease;
}

[part='live-indicator']:hover {
  color: #ffffff;
}

[part='live-dot'] {
  display: inline-block;
  width: 6px;
  height: 6px;
  margin-right: 6px;
  vertical-align: middle;
  border-radius: 50%;
  background: #888888;
  transition: background 0.2s ease;
}

[part='live-indicator']:hover [part='live-dot'] {
  background: #ff0000;
}

/* At-edge state (LiveDot/Badge \`$atEdge\` true). */
:host([data-at-edge]) [part='live-indicator'] {
  color: #ffffff;
}

:host([data-at-edge]) [part='live-dot'] {
  background: #ff0000;
}

[part='live-offset'] {
  font-size: 13px;
}

/* Chapter title read-out (StyledChapterIndicator). */
[part='chapters'],
[part='chapter-title'] {
  color: rgba(255, 255, 255, 0.7);
  font-size: 13px;
  white-space: nowrap;
}

/* -------------------------------------------------------------------------- */
/* Volume (StyledSliderWrapper / StyledSliderContainer + VolumeSlider).      */
/* The hover-to-expand slider: the wrapper starts at width 0 and expands on   */
/* hover of the volume control (mapped from the JS \`sliderWith()\` width via a  */
/* fixed expanded width preserving the same reveal transition/easing).        */
/* -------------------------------------------------------------------------- */
[part='volume'] {
  display: flex;
  flex-direction: row;
  align-items: center;
  position: relative;
  cursor: pointer;
  overflow: hidden;
  width: 0;
  height: 36px;
  transition: margin 0.2s cubic-bezier(0.4, 0, 1, 1), width 0.2s cubic-bezier(0.4, 0, 1, 1);
}

/* Hide the volume slider entirely on small screens (SliderContainer @media). */
@media (max-width: 575px) {
  [part='volume'] {
    display: none;
  }
}

/* Reveal the slider on hover of the mute button or the volume region, or when */
/* actively sliding (data-sliding). Expanded width mirrors the desktop reveal.  */
[part='mute-button']:hover ~ [part='volume'],
[part='volume']:hover,
:host([data-volume-sliding]) [part='volume'] {
  width: 52px;
  transition: margin 0.2s cubic-bezier(0, 0, 0.2, 1), width 0.2s cubic-bezier(0, 0, 0.2, 1);
}

:host([data-fullscreen]) [part='volume'] {
  height: 54px;
}

:host([data-fullscreen][data-volume-sliding]) [part='volume'],
:host([data-fullscreen]) [part='mute-button']:hover ~ [part='volume'],
:host([data-fullscreen]) [part='volume']:hover {
  width: 78px;
}

/* Volume slider track (VolumeSliderContainer): 2px rail, rounded, translucent. */
[part='volume'] [part='slider'] {
  width: 100%;
  height: auto;
}

[part='volume'] [part='track'] {
  width: 100%;
  height: 2px;
  background-color: rgba(255, 255, 255, 0.2);
  border-radius: 5px;
  position: relative;
  top: auto;
  transform: none;
}

/* Volume fill (VolumeSliderTrack): white, 2px (4px fullscreen), grey when muted/disabled. */
[part='volume'] [part='track-fill'] {
  height: 2px;
  border-radius: 2px;
  background-color: #fff;
}

/* Volume thumb (VolumeSliderThumb): 14px white circle (18px fullscreen). */
[part='volume'] [part='thumb'] {
  width: 14px;
  height: 14px;
  border-radius: 50%;
  background-color: #fff;
  position: absolute;
  top: 50%;
  transform: translateY(-50%);
}

:host([data-fullscreen]) [part='volume'] [part='track'],
:host([data-fullscreen]) [part='volume'] [part='track-fill'] {
  height: 4px;
}

:host([data-fullscreen]) [part='volume'] [part='thumb'] {
  width: 18px;
  height: 18px;
}

/* Muted state dims the fill/thumb to grey (VolumeSlider isDisabled). */
:host([data-muted]) [part='volume'] [part='track-fill'],
:host([data-muted]) [part='volume'] [part='thumb'] {
  background-color: #a4a4a4;
}

/* Volume percent tooltip (StyledVolumePercentTooltip). */
[part='volume-tooltip'] {
  position: absolute;
  bottom: 100%;
  transform: translateX(-50%);
  margin-bottom: 4px;
  background-color: rgba(15, 15, 15, 0.9);
  border-radius: 4px;
  padding: 4px 8px;
  white-space: nowrap;
  font-weight: 500;
  font-size: 90%;
  color: #fff;
  pointer-events: none;
  z-index: 10;
}

:host([data-fullscreen]) [part='volume-tooltip'] {
  font-size: 130%;
}

/* -------------------------------------------------------------------------- */
/* Generic tooltip primitive (Commons/Tooltip). Hidden by default, shown on    */
/* hover of the wrapping part; suppressed while a menu is expanded.            */
/* -------------------------------------------------------------------------- */
[part='tooltip-text'] {
  position: absolute;
  bottom: 100%;
  left: 50%;
  background-color: rgba(15, 15, 15, 0.9);
  border-radius: 4px;
  padding: 5px 10px;
  white-space: nowrap;
  font-weight: 500;
  font-size: 90%;
  margin-bottom: 6px;
  color: #fff;
  pointer-events: none;
  opacity: 0;
  transform: translateX(-50%);
  transition: opacity 0.15s ease;
  z-index: 12;
}

:host([data-fullscreen]) [part='tooltip-text'] {
  font-size: 130%;
  margin-bottom: 10px;
}

/* -------------------------------------------------------------------------- */
/* TimeSlider (Slider / SlideRail / Track / Buffered / Handle + tooltip).     */
/* The rail sits under the played track; the played track is scaled from the   */
/* right edge (transform-driven) exactly like the reactjs slider. The handle   */
/* is hidden (scale 0) until hover/slide, when it pops in with a red ring.     */
/* -------------------------------------------------------------------------- */
[part='time-slider'] {
  position: relative;
  width: 100%;
  display: block;
  height: 4px;
  cursor: pointer;
  touch-action: none;
}

[part='time-slider'] [part='slider'] {
  width: 100%;
  height: 4px;
  position: relative;
}

/* Rail (SlideRail) + played/buffered tracks share the 4px height (6px fullscreen). */
[part='time-slider'] [part='track'] {
  position: absolute;
  top: 0;
  left: 0;
  width: 100%;
  height: 4px;
  overflow: hidden;
  background-color: rgba(255, 255, 255, 0.2);
  border-radius: 0;
  transform: none;
}

[part='time-slider'] [part='track-buffered'] {
  position: absolute;
  top: 0;
  left: 0;
  height: 100%;
  background-color: rgba(255, 255, 255, 0.5);
  border-radius: 0;
}

/* Played fill (StyledTrack): the skin's red progress color, NOT the accent token, */
/* to preserve the reactjs \`#f00\` progress Visual_Parity. */
[part='time-slider'] [part='track-fill'] {
  position: absolute;
  top: 0;
  left: 0;
  height: 100%;
  background: #f00;
  border-radius: 0;
}

/* Handle/thumb (StyledSliderHandle): 12px red circle, hidden (scale 0) until */
/* hover/slide. Fullscreen grows it to 20px. */
[part='time-slider'] [part='thumb'] {
  position: absolute;
  top: 50%;
  right: -6px;
  width: 12px;
  height: 12px;
  border-radius: 50%;
  background-color: #cb0e0b;
  pointer-events: none;
  transform: translateY(-50%) scale(0);
  transition: transform 0.1s cubic-bezier(0.4, 0, 1, 1);
}

[part='time-slider']:hover [part='thumb'],
[part='time-slider']:focus [part='thumb'],
:host([data-time-sliding]) [part='time-slider'] [part='thumb'] {
  transform: translateY(-50%) scale(1);
  box-shadow: 0 0 0 5px rgba(255, 0, 0, 0.2);
  pointer-events: auto;
  transition: transform 0.1s cubic-bezier(0, 0, 0.2, 1);
}

/* Fullscreen enlarges the whole slider (6px rail, 20px handle). */
:host([data-fullscreen]) [part='time-slider'],
:host([data-fullscreen]) [part='time-slider'] [part='slider'],
:host([data-fullscreen]) [part='time-slider'] [part='track'] {
  height: 6px;
}

:host([data-fullscreen]) [part='time-slider'] [part='thumb'] {
  width: 20px;
  height: 20px;
  right: -9px;
}

/* Touch devices always expose the handle (Slider @media (hover:none)). */
@media (hover: none), (pointer: coarse) {
  [part='time-slider'] [part='thumb'] {
    transform: translateY(-50%) scale(1);
    pointer-events: auto;
    box-shadow: none;
  }
}

/* Ad mode disables the slider handle + cursor (Slider \`adMode\`). */
:host([data-ad-active]) [part='time-slider'] {
  cursor: default;
}

:host([data-ad-active]) [part='time-slider'] [part='thumb'] {
  display: none;
}

:host([data-ad-active]) [part='time-slider'] [part='track-fill'] {
  background: #fc0;
}

/* Time tooltip (StyledTooltip / StyledTip): hidden until hover/slide. */
[part='time-slider'] [part='tooltip'] {
  display: none;
  position: absolute;
  bottom: 10px;
  left: 0;
  pointer-events: none;
  flex-direction: column;
  align-items: center;
  padding: 0.4em 0.8em;
  transform: translateX(-50%);
  font-weight: 500;
  font-size: 12px;
  text-align: center;
  color: #fff;
  text-shadow: 0 1px 3px rgba(0, 0, 0, 0.8);
}

[part='time-slider']:hover [part='tooltip'],
:host([data-time-sliding]) [part='time-slider'] [part='tooltip'] {
  display: inline-flex;
}

:host([data-fullscreen]) [part='time-slider'] [part='tooltip'] {
  bottom: 13px;
  font-size: 18px;
}

/* Timelens sprite-preview thumbnail (StyledTimelensThumbnail): white-bordered */
/* frame that fades in above the slider on hover. */
[part='time-slider'] [part='timelens'] {
  background: #fff;
  border: solid #fff 2px;
  border-radius: 2px;
  background-clip: content-box;
  position: absolute;
  top: -35px;
  pointer-events: none;
  opacity: 0;
  transform: translateY(-100%) translateY(-7px);
  transition: opacity 0.2s, z-index 0.2s;
}

:host([data-fullscreen]) [part='time-slider'] [part='timelens'] {
  top: -45px;
}

/* Chapter segments on the slider (StyledChapterSegments / StyledChapterSegment). */
[part='time-slider'] [part='chapters'] {
  position: absolute;
  top: 0;
  left: 0;
  width: 100%;
  height: 4px;
  display: flex;
  align-items: center;
  gap: 2px;
  z-index: 3;
  overflow: visible;
  pointer-events: none;
}

:host([data-fullscreen]) [part='time-slider'] [part='chapters'] {
  height: 6px;
}

/* -------------------------------------------------------------------------- */
/* Settings menu / submenu (StyledDropdownOverlay + items).                   */
/* Hidden by default; shown when the host reflects data-open. The panel is a   */
/* 250px translucent dropdown anchored above the control bar.                  */
/* -------------------------------------------------------------------------- */
[part='menu'],
[part='submenu'] {
  width: 250px;
  position: absolute;
  overflow: hidden;
  z-index: 20;
  right: -35px;
  bottom: 55px;
  padding: 10px 0;
  background: rgba(15, 15, 15, 0.9);
  color: #fff;
  border-radius: var(--playerstack-radius-md, 8px);
  display: none;
}

/* Open state reveals the main menu (DropdownOverlay \`hiding\` -> display). */
:host([data-open]) [part='menu'] {
  display: block;
}

:host([data-fullscreen]) [part='menu'],
:host([data-fullscreen]) [part='submenu'] {
  right: -52px;
  bottom: 75px;
}

/* Menu rows (StyledDropdownItem): 40px tall (49px fullscreen), hover highlight. */
[part='menu-item'],
[part='submenu-item'] {
  display: flex;
  flex-direction: row;
  align-items: center;
  width: 100%;
  height: 40px;
  padding: 0 15px;
  margin: 0;
  border: 0;
  background: transparent;
  color: #fff;
  font-size: 13px;
  font-weight: 500;
  line-height: 40px;
  cursor: pointer;
  justify-content: flex-start;
  border-radius: 8px;
}

[part='menu-item']:hover,
[part='menu-item']:focus,
[part='submenu-item']:hover,
[part='submenu-item']:focus {
  background-color: rgba(255, 255, 255, 0.1);
}

:host([data-fullscreen]) [part='menu-item'],
:host([data-fullscreen]) [part='submenu-item'] {
  height: 49px;
}

/* Active submenu option (StyledDropdownItem \`selected\`). */
[part='submenu-item'][data-active] {
  background-color: rgba(204, 54, 43, 0.4);
}

/* -------------------------------------------------------------------------- */
/* Captions overlay + options (CaptionOverlay / CaptionOptions).             */
/* -------------------------------------------------------------------------- */
[part='captions'] {
  position: absolute;
  pointer-events: none;
  text-align: center;
  transform: translateX(-50%);
  z-index: 6;
  display: none;
}

/* Only render the caption overlay when a cue is active (data-active). */
:host([data-active]) [part='captions'] {
  display: block;
}

[part='cue'] {
  display: inline-block;
  padding: 4px 8px;
  border-radius: 4px;
  line-height: 1.4;
  font-weight: 500;
  white-space: pre-wrap;
  word-wrap: break-word;
  max-width: 80vw;
  background-color: rgba(0, 0, 0, 0.75);
  color: #fff;
}

/* Caption options panel (StyledOptionsContainer) — reuses the settings dropdown look. */
[part='caption-options'] {
  width: 280px;
  max-height: 280px;
  overflow-y: auto;
  overflow-x: hidden;
  position: absolute;
  z-index: 9;
  right: -35px;
  bottom: 45px;
  background: rgba(15, 15, 15, 0.95);
  border-radius: 6px;
  padding: 4px 0;
}

:host([data-fullscreen]) [part='caption-options'] {
  right: -52px;
  bottom: 60px;
}

/* -------------------------------------------------------------------------- */
/* Nav buttons (playerstack-nav-buttons) — the previous/next cluster.         */
/* Reuses the shared control-button primitives ([part$='-button']) so the     */
/* prev/next buttons match the other 36px (54px fullscreen) controls; the     */
/* container is a simple inline flex row with the standard control gap.        */
/* The \`.icon-prev\`/\`.icon-next\` glyphs inherit the shared \`.icon\` sizing.     */
/* -------------------------------------------------------------------------- */
[part='nav-buttons'] {
  display: inline-flex;
  align-items: center;
  gap: var(--playerstack-space-xs, 4px);
}

/* Directional glyphs mirror one another so a single arrow asset serves both. */
.icon-next {
  transform: scaleX(-1);
}
[part='nav-buttons'][data-hidden],
:host([data-hidden]) [part='nav-buttons'] {
  display: none;
}

/* -------------------------------------------------------------------------- */
/* PlayState center overlay (StyledPlayButton): full-cover dark scrim with a   */
/* big 64px glyph. Fades in when showing (data-ended / data-active).           */
/* -------------------------------------------------------------------------- */
[part='play-state'] {
  position: absolute;
  top: 0;
  left: 0;
  display: flex;
  overflow: hidden;
  align-items: center;
  justify-content: center;
  width: 100%;
  height: 100%;
  opacity: 0;
  pointer-events: none;
  transition: opacity 0.3s;
}

[part='play-state-button'] {
  display: flex;
  align-items: center;
  justify-content: center;
  width: 100%;
  height: 100%;
  margin: 0;
  padding: 0;
  border: 0;
  color: #fff;
  background: rgba(0, 0, 0, 0.5);
  font-size: 64px;
  cursor: default;
}

/* Surface the overlay when ended / active (PlayButton \`showing\`). */
:host([data-ended]) [part='play-state'],
:host([data-active]) [part='play-state'] {
  opacity: 1;
}

:host([data-ended]) [part='play-state-button'],
:host([data-active]) [part='play-state-button'] {
  cursor: pointer;
}

/* -------------------------------------------------------------------------- */
/* Spinner (loading/buffering). Hidden until active; the glyph spins via the   */
/* shared keyframes. Ported from the mobile spinner ring visuals.             */
/* -------------------------------------------------------------------------- */
[part='spinner'] {
  display: none;
  align-items: center;
  justify-content: center;
}

:host([data-buffering]) [part='spinner'],
:host([data-loading]) [part='spinner'] {
  display: flex;
}

[part='spinner-indicator'] {
  width: 40px;
  height: 40px;
  border: 3px solid rgba(255, 255, 255, 0.3);
  border-top-color: #fff;
  border-radius: 50%;
  animation: playerstack-spinner 0.8s linear infinite;
}

/* -------------------------------------------------------------------------- */
/* PreventedTip (StyledPeventedTip / StyledPreventedIcon).                    */
/* -------------------------------------------------------------------------- */
[part='prevented-tip'] {
  position: absolute;
  display: none;
  align-items: center;
  justify-content: center;
  top: 15px;
  left: 15px;
  padding: 8px;
  width: auto;
  height: auto;
  font-size: 14px;
  line-height: 1.5em;
  border-radius: 2px;
  color: #fff;
  background: rgba(15, 15, 15, 0.8);
  cursor: pointer;
  z-index: 6;
}

:host([data-active]) [part='prevented-tip'] {
  display: flex;
}

[part='prevented-tip-message'] {
  display: inline-flex;
  align-items: center;
}

/* -------------------------------------------------------------------------- */
/* TopState (StyledKernel): full-cover status scrim with padding.             */
/* -------------------------------------------------------------------------- */
[part='top-state'] {
  position: absolute;
  top: 0;
  left: 0;
  overflow: hidden;
  width: 100%;
  height: 100%;
  padding: 2em;
  background: rgba(0, 0, 0, 0.65);
  display: none;
}

:host([data-active]) [part='top-state'] {
  display: block;
}

/* -------------------------------------------------------------------------- */
/* ContextMenu (StyledContextMenuContainer + items).                          */
/* Positioned at the pointer via the --playerstack-context-menu-x/-y custom    */
/* properties the element sets; shown when the host reflects data-open.        */
/* -------------------------------------------------------------------------- */
[part='context-menu'] {
  position: absolute;
  top: var(--playerstack-context-menu-y, 0);
  left: var(--playerstack-context-menu-x, 0);
  border-radius: 4px;
  background: rgba(15, 15, 15, 0.9);
  transition: all 0.1s;
  user-select: none;
  padding: 8px 0;
  z-index: 9999;
  color: #fff;
  font-size: 11px;
  line-height: 1.5;
  display: none;
}

:host([data-open]) [part='context-menu'] {
  display: block;
}

[part='context-menu-item'] {
  display: flex;
  flex-direction: row;
  align-items: center;
  padding: 0 12px;
  height: 40px;
  border: 0;
  background: transparent;
  color: #fff;
  font-size: 118%;
  cursor: pointer;
}

[part='context-menu-item']:hover {
  background: rgba(255, 255, 255, 0.1);
}

:host([data-fullscreen]) [part='context-menu-item'] {
  height: 49px;
}

/* -------------------------------------------------------------------------- */
/* Heatmap (StyledHeatmapContainer / StyledHeatmapSvg).                       */
/* Hidden (scaled to 0) until active; scales up from the bottom edge.          */
/* -------------------------------------------------------------------------- */
[part='heatmap'] {
  position: absolute;
  left: 0;
  bottom: 6px;
  width: 100%;
  height: 30px;
  pointer-events: none;
  z-index: 2;
  transform-origin: bottom center;
  opacity: 0;
  transform: scaleY(0);
  transition: opacity 0.25s ease-out, transform 0.25s ease-out;
}

:host([data-active]) [part='heatmap'] {
  opacity: 1;
  transform: scaleY(1);
}

:host([data-fullscreen]) [part='heatmap'] {
  height: 40px;
}

[part='heatmap-svg'] {
  display: block;
  width: 100%;
  height: 100%;
}

[part='heatmap-path'] {
  fill: none;
  stroke: rgba(255, 255, 255, 0.85);
  stroke-width: 2;
}

/* -------------------------------------------------------------------------- */
/* AdsOverlay (skip button/message + progress + click region).               */
/* Hidden until an ad is active; the skip button flushes to the right edge.   */
/* -------------------------------------------------------------------------- */
[part='ad-overlay'] {
  position: absolute;
  inset: 0;
  z-index: 9;
  pointer-events: none;
  display: none;
}

:host([data-active]) [part='ad-overlay'] {
  display: block;
}

/* Click-through region covers the ad area. */
[part='ad-click'] {
  position: absolute;
  inset: 0;
  cursor: pointer;
  pointer-events: auto;
}

/* Skip button (StyledSkipButton): 70x38 flush-right pill, no right border. */
[part='ad-skip-button'] {
  position: absolute;
  right: 0;
  bottom: 74px;
  display: flex;
  align-items: center;
  justify-content: center;
  gap: 4px;
  width: 70px;
  height: 38px;
  font-size: 15px;
  font-weight: 400;
  background: rgba(0, 0, 0, 0.7);
  color: #fff;
  border: 1px solid rgba(255, 255, 255, 0.5);
  border-right: 0;
  border-radius: 0;
  pointer-events: auto;
  cursor: pointer;
  white-space: nowrap;
  line-height: 1;
  text-shadow: none;
  transition: background 0.2s, border-color 0.2s;
}

[part='ad-skip-button']:hover:not([disabled]) {
  background: rgba(0, 0, 0, 0.9);
  border: 1px solid #fff;
  border-right: 0;
}

[part='ad-skip-button'][disabled] {
  cursor: default;
}

:host([data-fullscreen]) [part='ad-skip-button'] {
  width: 86px;
  height: 44px;
  bottom: 92px;
  font-size: 145%;
}

/* Ad progress bar (StyledAdTimeSliderWrapper / ad track). */
[part='ad-progress'] {
  position: absolute;
  left: 0;
  bottom: 35px;
  width: 100%;
  height: 4px;
  background: #fc0;
  z-index: 9;
  transition: bottom 0.25s cubic-bezier(0.4, 0, 1, 1);
}

:host([data-fullscreen]) [part='ad-progress'] {
  bottom: 53px;
}

/* When the controls hide, the ad progress drops to the bottom edge. */
:host([data-hiding]) [part='ad-progress'] {
  bottom: -2px;
}

/* -------------------------------------------------------------------------- */
/* LiveAdOverlay animations (fadeIn/fadeOut + progress). The live-indicator     */
/* element reuses the ad-overlay in live mode; keep the fade keyframes here.    */
/* -------------------------------------------------------------------------- */
@keyframes playerstack-ad-fade-in {
  from {
    opacity: 0;
  }
  to {
    opacity: 1;
  }
}

@keyframes playerstack-ad-fade-out {
  from {
    opacity: 1;
  }
  to {
    opacity: 0;
  }
}

/* -------------------------------------------------------------------------- */
/* Double-tap skip overlay (SkipOverlay).                                     */
/* Two 55%-wide gesture zones with a directional gradient + pulsing arrows.   */
/* -------------------------------------------------------------------------- */
[part='double-tap'] {
  position: absolute;
  inset: 0;
  z-index: 8;
  pointer-events: none;
}

[part='double-tap-left'],
[part='double-tap-right'] {
  position: absolute;
  top: 0;
  width: 50%;
  height: 100%;
  z-index: 6;
  background: none;
  border: none;
  padding: 0;
  cursor: default;
  -webkit-tap-highlight-color: transparent;
}

[part='double-tap-left'] {
  left: 0;
}

[part='double-tap-right'] {
  right: 0;
}

/* Skip indicator (StyledSkipOverlay + text): centered feedback, hidden until active. */
[part='skip-indicator'] {
  position: absolute;
  top: 0;
  width: 55%;
  height: 100%;
  z-index: 8;
  display: none;
  flex-direction: column;
  align-items: center;
  justify-content: center;
  pointer-events: none;
  font-size: 12px;
  color: #ccc;
}

:host([data-active]) [part='skip-indicator'] {
  display: flex;
}

/* Direction gradient (SkipOverlay \`direction\`). */
:host([data-direction='forward']) [part='skip-indicator'] {
  right: 0;
  background: linear-gradient(to left, rgba(0, 0, 0, 0.6) 0%, rgba(0, 0, 0, 0.4) 40%, transparent 100%);
}

:host([data-direction='backward']) [part='skip-indicator'] {
  left: 0;
  background: linear-gradient(to right, rgba(0, 0, 0, 0.6) 0%, rgba(0, 0, 0, 0.4) 40%, transparent 100%);
}

/* Double-tap arrow pulse (seekFade keyframes). */
@keyframes playerstack-seek-fade {
  0%,
  100% {
    opacity: 0;
  }
  50% {
    opacity: 1;
  }
}

/* -------------------------------------------------------------------------- */
/* Icon primitive (playerstack-icon wrapper + Icon component).               */
/* -------------------------------------------------------------------------- */
[part='icon'] {
  display: inline-flex;
  align-items: center;
  justify-content: center;
  flex: none;
}

[part='icon'] svg {
  width: 100%;
  height: 100%;
  fill: currentColor;
}

/* -------------------------------------------------------------------------- */
/* Audio controls cluster (playerstack-audio-controls).                       */
/* A tight horizontal row: play/pause, time read-out, progress/seek bar.      */
/* -------------------------------------------------------------------------- */
[part='audio-controls'] {
  display: flex;
  align-items: center;
  gap: var(--playerstack-space-sm, 8px);
  padding: var(--playerstack-space-sm, 8px) var(--playerstack-space-md, 12px);
  width: 100%;
  background: var(--playerstack-color-control-bg, rgba(0, 0, 0, 0.55));
}

[part='audio-controls'] [part='slider'] {
  flex: 1;
  position: relative;
  height: 4px;
  cursor: pointer;
}

[part='audio-controls'] [part='track'] {
  position: absolute;
  top: 50%;
  left: 0;
  right: 0;
  transform: translateY(-50%);
  height: 2px;
  background: rgba(255, 255, 255, 0.3);
  border-radius: 1px;
}

[part='audio-controls'] [part='track-fill'] {
  position: absolute;
  top: 0;
  left: 0;
  height: 100%;
  background: #cb0e0b;
  border-radius: 1px;
}

/* -------------------------------------------------------------------------- */
/* Mobile skin (max-width: 575px) — same breakpoint as the reactjs mobile skin.*/
/* MobileTopBar / MobileBottomBar / MobileCenterControls / MobileSettingsPanel */
/* / MobileProgressBar visuals. Visibility is driven by data-hiding on the host*/
/* (mapped from the \`$visible\` interpolation).                                 */
/* -------------------------------------------------------------------------- */
@media (max-width: 575px) {
  /* Dark scrim behind mobile controls (StyledOverlay). */
  [part='mobile-overlay'] {
    position: absolute;
    inset: 0;
    background-color: rgba(0, 0, 0, 0.6);
    z-index: 5;
    opacity: 1;
    pointer-events: none;
    transition: opacity 0.25s cubic-bezier(0, 0, 0.2, 1);
  }

  :host([data-hiding]) [part='mobile-overlay'] {
    opacity: 0;
  }

  /* Top bar (StyledMobileTopBar): top-right settings cluster. */
  [part='mobile-top-bar'] {
    position: absolute;
    top: 0;
    right: 0;
    z-index: 7;
    padding: 8px;
    display: flex;
    align-items: center;
    gap: 4px;
    opacity: 1;
    pointer-events: auto;
    transition: opacity 0.25s cubic-bezier(0, 0, 0.2, 1);
  }

  :host([data-hiding]) [part='mobile-top-bar'] {
    opacity: 0;
    pointer-events: none;
  }

  /* Center controls (StyledMobileCenterControls): centered play/prev/next. */
  [part='mobile-center-controls'] {
    position: absolute;
    top: 50%;
    width: 100%;
    transform: translateY(-50%);
    display: flex;
    justify-content: center;
    align-items: center;
    gap: 60px;
    z-index: 7;
    opacity: 1;
    pointer-events: auto;
    transition: opacity 0.25s cubic-bezier(0, 0, 0.2, 1);
  }

  :host([data-hiding]) [part='mobile-center-controls'] {
    opacity: 0;
    pointer-events: none;
  }

  /* Mobile center play button (StyledMobilePlayButton): 56px. */
  [part='mobile-center-controls'] [part='play-button'] {
    width: 56px;
    height: 56px;
    background: none;
    border: none;
    opacity: 0.9;
  }

  /* Bottom bar (StyledMobileBottomBar): progress + time + fullscreen. */
  [part='mobile-bottom-bar'] {
    position: absolute;
    bottom: 0;
    left: 0;
    width: 100%;
    z-index: 7;
    display: flex;
    align-items: center;
    padding: 0 16px 8px 16px;
    opacity: 1;
    pointer-events: auto;
    transition: opacity 0.25s cubic-bezier(0, 0, 0.2, 1);
  }

  :host([data-hiding]) [part='mobile-bottom-bar'] {
    opacity: 0;
    pointer-events: none;
  }

  /* Mobile time read-out (StyledMobileTime). */
  [part='mobile-bottom-bar'] [part='time'] {
    font-size: 12px;
    color: #fff;
    white-space: nowrap;
    flex-shrink: 0;
    height: auto;
    line-height: normal;
  }

  /* Mobile progress bar (MobileProgressBar): 2px track, red fill, 12px handle. */
  [part='mobile-bottom-bar'] [part='time-slider'],
  [part='mobile-progress'] {
    flex: 1;
    height: 20px;
    position: relative;
    display: flex;
    align-items: center;
    cursor: pointer;
    touch-action: none;
  }

  [part='mobile-bottom-bar'] [part='track'],
  [part='mobile-progress'] [part='track'] {
    position: absolute;
    left: 0;
    right: 0;
    height: 2px;
    background: rgba(255, 255, 255, 0.3);
    border-radius: 1px;
    top: 50%;
    transform: translateY(-50%);
  }

  [part='mobile-bottom-bar'] [part='track-buffered'],
  [part='mobile-progress'] [part='track-buffered'] {
    height: 2px;
    background: rgba(255, 255, 255, 0.5);
    border-radius: 1px;
  }

  [part='mobile-bottom-bar'] [part='track-fill'],
  [part='mobile-progress'] [part='track-fill'] {
    height: 2px;
    background: #cb0e0b;
    border-radius: 1px;
  }

  [part='mobile-bottom-bar'] [part='thumb'],
  [part='mobile-progress'] [part='thumb'] {
    width: 12px;
    height: 12px;
    border-radius: 50%;
    background: #cb0e0b;
    top: 50%;
    transform: translate(-50%, -50%);
    pointer-events: none;
    z-index: 4;
  }

  /* Mobile settings panel (MobileSettingsPanel): full-surface sliding panel. */
  [part='mobile-settings-panel'] {
    position: absolute;
    z-index: 10;
    height: 100%;
    width: 100%;
    left: 50%;
    top: 50%;
    opacity: 0;
    transform: translate(-50%, -100%);
    pointer-events: none;
    transition: all 0.4s ease;
    display: flex;
    flex-direction: column;
    font-family: Helvetica, Arial, sans-serif;
  }

  :host([data-open]) [part='mobile-settings-panel'] {
    opacity: 1;
    transform: translate(-50%, -50%);
    pointer-events: auto;
  }
}

/* ========================================================================== */
/* Ported AUDIO skin styles (task 15.4, Req 22.2/22.3/22.4/22.5/22.10).       */
/*                                                                            */
/* These rules port the \`audio\` \`*.styled.js\`/\`*.styled.jsx\` visuals onto the */
/* Core Markup_Contract, keyed by \`[part]\` / \`:host([data-*])\`, for the       */
/* audio-relevant elements the migration composes (Table 22-A/22-B):          */
/* \`playerstack-audio-controls\`, \`playerstack-volume\`, \`playerstack-settings\`,*/
/* \`playerstack-chapters\`, \`playerstack-ad-overlay\`, \`playerstack-nav-buttons\`*/
/* plus the audio-skin metadata parts (\`poster\`, \`metadata\`, \`title\`,         */
/* \`artist\`) rendered around the Core controls by \`CoreAudioPlayerSkin\`.      */
/*                                                                            */
/* styled-components \`\${({ prop }) => ...}\` interpolations map to data-* /    */
/* CSS custom properties:                                                     */
/*   - $visible / $dragging (skip + volume + label reveal) -> hover/          */
/*     :host([data-*]) reveal (the interim bridge drives the same states).    */
/*   - $expanded (settings gear rotation) -> :host([data-open]).              */
/*   - $selected (submenu speed option) -> [part='submenu-item'][data-active].*/
/*   - $active (settings item)           -> [data-active].                    */
/* The audio skin's literal palette (\`#0f0f0f\`/\`#1a1a1a\`/\`rgba(20,20,20,.97)\` */
/* surfaces, \`#cb0e0b\`/\`rgba(204,54,43,*)\` accents, white fills) is kept      */
/* literal to preserve pixel Visual_Parity — those values carried no theme    */
/* token in the audio skin. Spacing/radius/font stack reuse the existing      */
/* \`--playerstack-*\` tokens where they map. \`scopedReset.js\`/\`resetStyles.js\` */
/* are SUPERSEDED by Core's \`:host { all: initial }\` reset + box-sizing       */
/* normalization above (Req 3.6) and are therefore NOT re-ported.             */
/* ========================================================================== */

/* -------------------------------------------------------------------------- */
/* Audio skin container (StyledAudioPlayerSkin + StyledAudioWrapper).         */
/* The audio player composes Core elements inside a \`playerstack-media-       */
/* controller\`; its host is the audio-skin surface: a dark rounded card with  */
/* a hairline border, a light \`#eee\` fg and a vertical column layout. The     */
/* wrapper's \`position: relative; width: 100%; overflow: visible\` also lands  */
/* on the host so tooltips/menus can escape the card. This refines the video  */
/* \`:host([part='root'])\` surface for the audio breakpoint via a dedicated    */
/* \`data-skin='audio'\` hook the skin reflects on the controller host.         */
/* -------------------------------------------------------------------------- */
:host([data-skin='audio']) {
  position: relative;
  width: 100%;
  display: flex;
  flex-direction: column;
  background: #0f0f0f;
  border-radius: 10px;
  border: 1px solid rgba(255, 255, 255, 0.1);
  overflow: visible;
  color: #eee;
  user-select: none;
  outline: none;
  font-family: var(
    --playerstack-font-family-base,
    -apple-system,
    BlinkMacSystemFont,
    'Segoe UI',
    Roboto,
    sans-serif
  );
}

/* -------------------------------------------------------------------------- */
/* Track metadata (Table 22-B): poster + title + artist rendered as audio-    */
/* skin presentational bits around the Core controls (CoreAudioPlayerSkin).   */
/* The audio skin shows the artwork as a rounded square with the title/artist */
/* stacked beside it; the title is the emphasized label and the artist the    */
/* dimmer secondary line (mirrors StyledMediaLabel / StyledMediaLabelPrefix   */
/* typography: 14px title at 0.9 opacity, dimmer artist).                     */
/* -------------------------------------------------------------------------- */
[part='poster'] {
  display: block;
  width: 56px;
  height: 56px;
  flex-shrink: 0;
  object-fit: cover;
  border-radius: 6px;
  background: rgba(255, 255, 255, 0.06);
}

[part='metadata'] {
  display: flex;
  flex-direction: column;
  justify-content: center;
  min-width: 0;
  gap: 2px;
  padding: 8px 12px;
}

[part='title'] {
  font-size: 14px;
  font-weight: 500;
  color: rgba(255, 255, 255, 0.9);
  white-space: nowrap;
  overflow: hidden;
  text-overflow: ellipsis;
  display: block;
}

[part='artist'] {
  font-size: 12px;
  font-weight: 400;
  color: rgba(255, 255, 255, 0.6);
  white-space: nowrap;
  overflow: hidden;
  text-overflow: ellipsis;
  display: block;
}

/* -------------------------------------------------------------------------- */
/* Audio controls cluster (playerstack-audio-controls) — refined to match the */
/* audio skin's actual look (StyledControlsRow + StyledPlayButton + StyledTime */
/* + StyledTimeline* ). EXTENDS the base block from task 14.6 (does not        */
/* duplicate it): the row is an 8px/12px-padded flex line; the play/pause      */
/* button is a 36px transparent glyph button at 0.8 opacity lifting to 1 on    */
/* hover; the timeline is a 4px translucent rail with a WHITE played fill (the */
/* audio skin's \`StyledTimelineFilled\`/\`StyledChapterFilled\` are \`#fff\`, NOT   */
/* the video skin's \`#cb0e0b\`) and a lighter buffered range, thickening to 6px */
/* on hover of the track (StyledTimelineSegments hover).                       */
/* -------------------------------------------------------------------------- */
[part='audio-controls'] [part='play-button'] {
  width: 36px;
  height: 36px;
  min-width: 36px;
  padding: 0;
  background: transparent;
  color: #fff;
  opacity: 0.8;
  border-radius: 0;
  transition: opacity 0.15s ease;
}

[part='audio-controls'] [part='play-button']:hover {
  opacity: 1;
  background: transparent;
}

[part='audio-controls'] [part='play-button']:focus-visible {
  outline: 2px solid #fff;
  outline-offset: 2px;
}

/* Time read-out (StyledTime): 13px tabular-nums, dim white, right-aligned. */
[part='audio-controls'] [part='time'] {
  height: auto;
  padding: 0;
  font-size: 13px;
  font-variant-numeric: tabular-nums;
  color: rgba(255, 255, 255, 0.8);
  white-space: nowrap;
  min-width: 48px;
  text-align: right;
  flex-shrink: 0;
  line-height: normal;
}

/* Timeline rail (StyledTimelineTrack/Segments): 4px translucent, 6px on hover. */
[part='audio-controls'] [part='slider'] {
  flex: 1;
  position: relative;
  display: flex;
  align-items: center;
  height: 18px;
  cursor: pointer;
}

[part='audio-controls'] [part='track'] {
  position: relative;
  top: auto;
  left: 0;
  right: 0;
  transform: none;
  width: 100%;
  height: 4px;
  background: rgba(255, 255, 255, 0.2);
  border-radius: 4px;
  transition: height 0.1s ease;
}

[part='audio-controls'] [part='slider']:hover [part='track'] {
  height: 6px;
}

/* Buffered range (StyledTimelineBuffered): lighter translucent white. */
[part='audio-controls'] [part='track-buffered'] {
  position: absolute;
  top: 0;
  left: 0;
  height: 100%;
  background: rgba(255, 255, 255, 0.5);
  border-radius: 4px;
}

/* Played fill (StyledTimelineFilled): WHITE for the audio skin (Visual_Parity). */
[part='audio-controls'] [part='track-fill'] {
  position: absolute;
  top: 0;
  left: 0;
  height: 100%;
  background: #fff;
  border-radius: 4px;
}

/* Loading stripes (StyledLoadingStripes): animated diagonal shimmer over the  */
/* rail while the media is loading (mapped from the skin's loading state).      */
[part='audio-controls'] [part='loading-stripes'] {
  position: absolute;
  top: 0;
  left: 0;
  width: 100%;
  height: 100%;
  border-radius: 4px;
  overflow: hidden;
  pointer-events: none;
  background: repeating-linear-gradient(
    -60deg,
    transparent,
    transparent 3px,
    rgba(255, 255, 255, 0.15) 3px,
    rgba(255, 255, 255, 0.15) 6px
  );
  background-size: 200% 100%;
  animation: playerstack-audio-loading-stripes 1.5s linear infinite;
}

@keyframes playerstack-audio-loading-stripes {
  0% {
    background-position: 0 0;
  }
  100% {
    background-position: 24px 0;
  }
}

/* -------------------------------------------------------------------------- */
/* Audio tooltip (StyledAudioTooltip + StyledTooltipChapter/StyledTooltipTime)*/
/* A pointer-anchored stack that surfaces the hovered chapter + time above the */
/* timeline. Chapter line is dim/small; time line is white tabular-nums.       */
/* -------------------------------------------------------------------------- */
[part='audio-controls'] [part='tooltip'] {
  position: absolute;
  bottom: calc(100% - 16px);
  transform: translateX(-50%);
  display: flex;
  flex-direction: column;
  align-items: center;
  gap: 1px;
  padding: 0;
  background: none;
  border: none;
  border-radius: 0;
  white-space: nowrap;
  pointer-events: none;
  z-index: 9999;
}

[part='audio-controls'] [part='tooltip-chapter'] {
  font-size: 11px;
  font-weight: 500;
  color: rgba(255, 255, 255, 0.7);
  text-shadow: 0 1px 3px rgba(0, 0, 0, 0.8);
}

[part='audio-controls'] [part='tooltip-time'] {
  font-size: 12px;
  font-weight: 500;
  font-variant-numeric: tabular-nums;
  color: #fff;
  text-shadow: 0 1px 3px rgba(0, 0, 0, 0.8);
}

/* Chapter segment hover pop (StyledChapterSegment \`$hovered\` -> scaleY(1.5)). */
[part='audio-controls'] [part='chapter-segment'] {
  position: relative;
  height: 100%;
  overflow: hidden;
  background: rgba(255, 255, 255, 0.2);
  border-radius: 4px;
  transform-origin: center center;
  transform: scaleY(1);
  transition: transform 0.1s ease;
}

[part='audio-controls'] [part='chapter-segment'][data-hovered] {
  transform: scaleY(1.5);
}

/* -------------------------------------------------------------------------- */
/* Volume (StyledVolumeContainer + StyledVolumeSliderWrapper + track/fill/     */
/* thumb + tooltip). The audio skin reveals an 80px slider on hover of the     */
/* volume container (or while dragging); the rail is a 4px translucent bar     */
/* inset 6px with a white fill and a 12px white thumb. This refines the video  */
/* volume block for the audio look via the \`:host([data-skin='audio'])\` hook   */
/* so the video hover-to-expand width/height stays intact for video skins.     */
/* -------------------------------------------------------------------------- */
:host([data-skin='audio']) [part='volume'] {
  display: flex;
  flex-direction: row;
  align-items: center;
  position: relative;
  height: auto;
  overflow: hidden;
  max-width: 0;
  opacity: 0;
  transition: max-width 0.25s ease, opacity 0.25s ease;
}

/* Reveal on hover of the volume region or while dragging (StyledVolumeSlider- */
/* Wrapper \`$dragging\` + container hover). */
:host([data-skin='audio']) [part='volume']:hover,
:host([data-skin='audio'][data-volume-sliding]) [part='volume'],
:host([data-skin='audio']) [part='mute-button']:hover ~ [part='volume'] {
  max-width: 80px;
  opacity: 1;
}

:host([data-skin='audio']) [part='volume'] [part='slider'] {
  position: relative;
  width: 80px;
  height: 20px;
  display: flex;
  align-items: center;
  cursor: pointer;
  margin-left: auto;
}

/* Rail (StyledVolumeTrack::after): 4px translucent bar inset 6px each side. */
:host([data-skin='audio']) [part='volume'] [part='track'] {
  position: absolute;
  left: 6px;
  right: 6px;
  top: 50%;
  width: auto;
  height: 4px;
  transform: translateY(-50%);
  background: rgba(255, 255, 255, 0.2);
  border-radius: 2px;
}

/* Fill (StyledVolumeFill): white 4px bar. */
:host([data-skin='audio']) [part='volume'] [part='track-fill'] {
  position: absolute;
  top: 0;
  left: 0;
  height: 100%;
  background: #fff;
  border-radius: 2px;
  pointer-events: none;
}

/* Thumb (StyledVolumeThumb): 12px white circle with a soft shadow. */
:host([data-skin='audio']) [part='volume'] [part='thumb'] {
  position: absolute;
  top: 50%;
  width: 12px;
  height: 12px;
  border-radius: 50%;
  background: #fff;
  transform: translateY(-50%);
  pointer-events: none;
  box-shadow: 0 0 3px rgba(0, 0, 0, 0.4);
}

/* Volume percent tooltip (StyledVolumeTooltip). */
:host([data-skin='audio']) [part='volume-tooltip'] {
  position: absolute;
  bottom: 100%;
  left: 50%;
  transform: translateX(-50%);
  margin-bottom: 6px;
  background: rgba(15, 15, 15, 0.9);
  border-radius: 4px;
  padding: 3px 6px;
  font-size: 11px;
  font-weight: 500;
  color: #fff;
  white-space: nowrap;
  pointer-events: none;
  z-index: 10;
}

/* -------------------------------------------------------------------------- */
/* Right-hand controls row (StyledRightControls): the icon-button cluster      */
/* flushed to the right edge; its buttons are the 28px compact variant.        */
/* -------------------------------------------------------------------------- */
:host([data-skin='audio']) [part='right-controls'] {
  display: flex;
  align-items: center;
  flex-shrink: 0;
  margin-left: auto;
  margin-right: -4px;
}

:host([data-skin='audio']) [part='right-controls'] > button {
  width: 28px;
  height: 28px;
}

/* Icon buttons (StyledIconButton / StyledSkipButton): 36px transparent glyph  */
/* buttons at 0.8 opacity lifting to 1 on hover, white focus ring.             */
:host([data-skin='audio']) [part='right-controls'] button,
:host([data-skin='audio']) [part='nav-buttons'] button {
  display: flex;
  align-items: center;
  justify-content: center;
  border: none;
  background: transparent;
  color: #fff;
  cursor: pointer;
  padding: 0;
  opacity: 0.8;
  transition: opacity 0.15s ease;
}

:host([data-skin='audio']) [part='right-controls'] button:hover,
:host([data-skin='audio']) [part='nav-buttons'] button:hover {
  opacity: 1;
  background: transparent;
}

:host([data-skin='audio']) [part='right-controls'] button:focus-visible,
:host([data-skin='audio']) [part='nav-buttons'] button:focus-visible {
  outline: 2px solid #fff;
  outline-offset: 2px;
}

/* Skip buttons expand from 0 width when playing (StyledSkipButtonWrapper      */
/* \`$visible\`): the audio skin reveals the prev/next affordance while playing. */
/* Mapped to \`:host([data-playing])\`; the wrapper stays collapsed otherwise.   */
:host([data-skin='audio']) [part='nav-buttons'] {
  display: inline-flex;
  align-items: center;
  overflow: hidden;
  max-width: 0;
  opacity: 0;
  transition: max-width 0.3s cubic-bezier(0.4, 0, 0.2, 1), opacity 0.2s ease;
}

:host([data-skin='audio'][data-playing]) [part='nav-buttons'] {
  max-width: 72px;
  opacity: 1;
}

:host([data-skin='audio']) [part='nav-buttons'] [part='prev-button'],
:host([data-skin='audio']) [part='nav-buttons'] [part='next-button'] {
  width: 36px;
  height: 36px;
  min-width: 36px;
}

/* -------------------------------------------------------------------------- */
/* Settings (AudioSettingsMenu: StyledSettingsButton + menu/submenu).          */
/* The audio settings surface differs from the video dropdown: it is a         */
/* \`rgba(20,20,20,0.97)\` panel anchored bottom-right (55px above the row),     */
/* 250px wide, with 48px rows and a submenu whose speed options highlight in   */
/* the audio-skin red (\`rgba(204,54,43,0.4)\`). This refines the shared         */
/* settings block for the audio look via \`:host([data-skin='audio'])\`.         */
/* -------------------------------------------------------------------------- */

/* Gear button rotation on open (StyledSettingsButton \`$expanded\` -> rotate45).*/
:host([data-skin='audio']) [part='settings-button'] {
  width: 36px;
  height: 36px;
  padding: 0;
  background: transparent;
  color: #fff;
  opacity: 0.8;
  border-radius: 0;
  transition: opacity 0.15s ease;
}

:host([data-skin='audio']) [part='settings-button']:hover {
  opacity: 1;
  background: transparent;
}

:host([data-skin='audio']) [part='settings-button'] .icon,
:host([data-skin='audio']) [part='settings-button'] svg {
  transition: transform 0.2s ease-in-out;
  transform: rotate(0);
}

:host([data-skin='audio'][data-open]) [part='settings-button'] .icon,
:host([data-skin='audio'][data-open]) [part='settings-button'] svg {
  transform: rotate(45deg);
}

/* Menu + submenu overlays (StyledMenuOverlay / StyledSubMenuOverlay): dark     */
/* translucent panels anchored bottom-right, 250px wide, shown on data-open.    */
:host([data-skin='audio']) [part='menu'],
:host([data-skin='audio']) [part='submenu'] {
  position: absolute;
  right: 8px;
  bottom: 55px;
  min-width: 250px;
  width: 250px;
  margin-bottom: 0;
  padding: 10px 0;
  background: rgba(20, 20, 20, 0.97);
  border: none;
  border-radius: 0;
  overflow: hidden;
  color: #eee;
  line-height: 1.4;
  z-index: 99999;
  display: none;
}

/* Submenu is a scrollable speed list (max-height 250px). */
:host([data-skin='audio']) [part='submenu'] {
  max-height: 250px;
  overflow-y: auto;
}

:host([data-skin='audio'][data-open]) [part='menu'] {
  display: block;
}

/* Menu rows (StyledMenuItem > button): 48px tall, 24px inset, hover highlight. */
:host([data-skin='audio']) [part='menu-item'] {
  height: 48px;
  padding: 0 24px;
  background: transparent;
  color: #eee;
  font-size: 14px;
  font-weight: 400;
  line-height: normal;
  border-radius: 0;
}

:host([data-skin='audio']) [part='menu-item']:hover,
:host([data-skin='audio']) [part='menu-item']:focus {
  background-color: rgba(255, 255, 255, 0.1);
}

/* Submenu rows (StyledSubMenuItem > button): 32px pill rows, 10px gutter,      */
/* selected speed highlighted in the audio-skin red. */
:host([data-skin='audio']) [part='submenu-item'] {
  height: 32px;
  margin: 0 10px;
  padding: 0 12px;
  width: auto;
  background: transparent;
  color: #fff;
  font-size: 13px;
  font-weight: 500;
  line-height: normal;
  border-radius: 6px;
}

:host([data-skin='audio']) [part='submenu-item']:hover,
:host([data-skin='audio']) [part='submenu-item']:focus {
  background: rgba(255, 255, 255, 0.08);
}

:host([data-skin='audio']) [part='submenu-item'][data-active] {
  background: rgba(204, 54, 43, 0.4);
}

:host([data-skin='audio']) [part='submenu-item'][data-active]:hover,
:host([data-skin='audio']) [part='submenu-item'][data-active]:focus {
  background: rgba(204, 54, 43, 0.5);
}

/* -------------------------------------------------------------------------- */
/* Chapters read-out (playerstack-chapters) — the audio skin surfaces the      */
/* active chapter title as a dim inline label; inherits the shared             */
/* \`[part='chapters']\`/\`[part='chapter-title']\` typography from the video port */
/* (dim white, 13px). No audio-specific override is needed beyond the base.    */
/* -------------------------------------------------------------------------- */

/* -------------------------------------------------------------------------- */
/* Ad overlay (playerstack-ad-overlay) in the audio skin — inherits the shared */
/* \`[part='ad-overlay']\`/\`[part='ad-skip-button']\`/\`[part='ad-progress']\`      */
/* visuals from the video port (skip pill + progress bar), which already match */
/* the audio skin's ad affordance. No audio-specific override needed.          */
/* -------------------------------------------------------------------------- */

:host {
  --playerstack-color-accent: #ff375f;
  --playerstack-color-accent-hover: #ff5c7c;
  --playerstack-color-bg: #000000;
  --playerstack-color-fg: #ffffff;
  --playerstack-color-muted: rgba(255, 255, 255, 0.62);
  --playerstack-color-control-bg: rgba(0, 0, 0, 0.55);
  --playerstack-color-control-fg: #ffffff;
  --playerstack-color-control-hover: rgba(255, 255, 255, 0.16);
  --playerstack-color-overlay: rgba(0, 0, 0, 0.45);
  --playerstack-color-track: rgba(255, 255, 255, 0.28);
  --playerstack-color-track-buffered: rgba(255, 255, 255, 0.45);
  --playerstack-color-focus-ring: rgba(255, 55, 95, 0.75);
  --playerstack-space-xs: 4px;
  --playerstack-space-sm: 8px;
  --playerstack-space-md: 12px;
  --playerstack-space-lg: 16px;
  --playerstack-space-xl: 24px;
  --playerstack-font-family-base: -apple-system, BlinkMacSystemFont, 'Segoe UI', Roboto, Helvetica, Arial, sans-serif;
  --playerstack-font-size-sm: 12px;
  --playerstack-font-size-md: 14px;
  --playerstack-font-size-lg: 18px;
  --playerstack-font-weight-normal: 400;
  --playerstack-font-weight-bold: 600;
  --playerstack-radius-sm: 4px;
  --playerstack-radius-md: 8px;
  --playerstack-radius-lg: 12px;
  --playerstack-radius-full: 9999px;
}
</style><div part="prevented-tip"><div part="prevented-tip-message">Click to unmute</div></div>"
`;
