// Jest Snapshot v1, https://goo.gl/fbAQLP

exports[`playerstack-ad-overlay Markup_Contract + ARIA (Req 1.5, 5.1, 5.2, 5.3) matches the rendered shadow markup snapshot 1`] = `"<div part="ad-overlay" style="display: none;"><div part="ad-click"></div><button part="ad-skip-button" type="button" aria-label="Skip ad" disabled=""></button></div>"`;
